15:04:40 state=NORMAL
15:05:05 state=YAWN
15:05:06 state=NORMAL
15:05:15 state=YAWN
15:05:16 state=NORMAL
15:05:17 state=YAWN
15:05:18 state=NORMAL
15:05:21 state=NO_FACE
15:05:21 state=NORMAL
15:06:04 state=EYE_CLOSED
15:06:05 state=NORMAL
15:06:08 state=EYE_CLOSED
15:06:09 state=LONG_EYE_CLOSED
15:06:11 state=NORMAL
15:06:19 state=YAWN
15:06:21 state=NORMAL
15:06:27 state=NO_FACE
15:06:27 state=NORMAL
15:06:29 state=NO_FACE
15:06:31 state=NORMAL
15:06:32 state=NO_FACE
15:06:34 state=NORMAL
15:06:41 state=YAWN
15:06:47 state=NORMAL
15:06:57 state=NO_FACE
